=== ALANKIT SEK DECRYPTION TEST v2 ===
AppKey: f8c4e2d1a9b3c5e7f9a1b3c5e7f9a1b3
AppKey as UTF-8 bytes: 6638633465326431613962336335653766396131623363356537663961316233

php : Alankit Client: AppKey validated (32 characters, will be hashed to 32 bytes using SHA-256)
At line:1 char:1
+ php test_alankit_decrypt_v2.php 2>&1 | Tee-Object -FilePath test_outp ...
+ ~~~~~~~~~~~~~~~~~~~~~~~~~~~~~~~~~~~~
    + CategoryInfo          : NotSpecified: (Alankit Client:... using SHA-256):String) [], RemoteException
    + FullyQualifiedErrorId : NativeCommandError
 
RSA: Successfully loaded public key from: C:\xampp\htdocs\exotic_vendor\docs\public.txt
Array
(
    [0] => Content-Type: application/json
    [1] => Accept: application/json
    [2] => Ocp-Apim-Subscription-Key: AL6x9c9S1b7g8h9S7C
    [3] => Gstin: 07AGAPA5363L002
)
Array
(
    [Data] => cSJR1tzdLdwEC4yqB7cLA09ALwSrJZxv5GCX1P6uw9hwZBVps8tmV3DxDTZSZJj/NZZXLeHMrznrUcGjNz/A9u9i5Im3y55XQ+1Mn0dFCCrwi/Tm0jBFX49s83ucKjg21OAi0yOutiobFP4JrUcV1+YUUPjH3IQjyhguEJ/s/hwqjS/RbiOtiUYtAJLgGe6tOerxupmJIrfNNZIRQPtplaxlATLKYtek6mdn/SqaQ6RLGXGx+3oG1+wkYl90mmulmBVgX7TmfaOGmADYpgpHzoMM67Rn5XRa05b+rPcV3MGNXZSVvFR9/PJ59GVTYcYnDggd3aXWOLrS8Y0RGERVjQ==
)
Alankit Auth: Successfully authenticated with Eraahi API (expires at 2026-04-01 14:39:40, Sek received: Yes)
Γ£à Authentication successful

Γ£à Sek received
Γ£à Encrypted data: 48 bytes
Encrypted hex: 38f7a58621ecb3350459522146c7a22fdfb547108c8879a14220756108c31ba5...

=== TEST 1: SHA-256 + AES-256-ECB WITH PKCS7 PADDING ===
Using cipher: aes-256-ecb with SHA256 hash
Key (32 bytes): f53ebf770aa59b9554954c9b6faaf1ef0ad1b7ce45fc577cbf7aa234c53b9a04...
Γ¥î Failed: error:0480006C:PEM routines::no start line

=== TEST 2: MD5 + AES-128-ECB WITH PKCS7 PADDING ===
Using cipher: aes-128-ecb with MD5 hash
Key (16 bytes): 6bf192f43a9b9a8ab91796b5e838296e...
Γ¥î Failed: error:1C80006B:Provider routines::wrong final block length

=== TEST 3: SHA-256 + AES-256-CBC (Raw Data) ===
Using cipher: aes-256-cbc with SHA256 hash
Key (32 bytes): f53ebf770aa59b9554954c9b6faaf1ef0ad1b7ce45fc577cbf7aa234c53b9a04...
Γ¥î Failed: error:1C80006B:Provider routines::wrong final block length

=== TEST 4: MD5 + AES-128-CBC (Raw Data) ===
Using cipher: aes-128-cbc with MD5 hash
Key (16 bytes): 6bf192f43a9b9a8ab91796b5e838296e...
Γ¥î Failed: error:1C800064:Provider routines::bad decrypt

=== TEST 5: Raw AppKey (as UTF-8 string) + AES-256-ECB WITH PKCS7 PADDING ===
Using cipher: aes-256-ecb with raw AppKey (padded to 32 bytes, no hashing)
Key (hex): 6638633465326431613962336335653766396131623363356537663961316233...
Γ¥î Failed: error:1C800064:Provider routines::bad decrypt

=== TEST 6: Try decoding AppKey as Base64 first ===
Attempting to decode AppKey as Base64...
Γ£à AppKey decoded from Base64: 24 bytes
Decoded (hex): 7fc7387b67756bd6f77397bb7fd6b56f77397bb7fd6b56f7
Using SHA-256 hash of decoded AppKey
Γ¥î Failed: error:1C80006B:Provider routines::wrong final block length

=== TEST 7: Try AES-256-CTR mode ===
Using AES-256-CTR with SHA-256 hash
Key (hex): f53ebf770aa59b9554954c9b6faaf1ef0ad1b7ce45fc577cbf7aa234c53b9a04...
Γ£à SUCCESS!
Decrypted: ▓┘[ë
{╬▄]≡■vf╕pe5╩Φ╨t¬╕ûX>ìΘ¢─ç3∞╙åk⌐``<@D
=== END OF TEST ===
